// Jest Snapshot v1, https://goo.gl/fbAQLP

exports[`pruebas en <GifItem /> debe de hacer match con el snapshot 1`] = `
<div>
  <div
    class="card"
  >
    <img
      alt="GOT"
      src="https://got.com/got.jpg"
    />
    <p>
      GOT
    </p>
  </div>
</div>
`;
